// Jest Snapshot v1, https://goo.gl/fbAQLP

exports[`Should render ExpenseList with expenses 1`] = `
<div>
  <h1>
    Expense List
  </h1>
  <Component
    amount={345}
    createdAt={0}
    description="Gum"
    id="1"
    key="1"
    note=""
  />
  <Component
    amount={109500}
    createdAt={-345600000}
    description="Rent"
    id="2"
    key="2"
    note=""
  />
  <Component
    amount={4500}
    createdAt={345600000}
    description="Credit Card"
    id="3"
    key="3"
    note=""
  />
</div>
`;

exports[`Should render expense list with empty array 1`] = `
<div>
  <h1>
    Expense List
  </h1>
  <p>
    No expense
  </p>
</div>
`;
